#
# There is insufficient memory for the Java Runtime Environment to continue.
# Native memory allocation (mmap) failed to map 102760448 bytes for G1 virtual space
# Possible reasons:
#   The system is out of physical RAM or swap space
#   The process is running with CompressedOops enabled, and the Java Heap may be blocking the growth of the native heap
# Possible solutions:
#   Reduce memory load on the system
#   Increase physical memory or swap space
#   Check if swap backing store is full
#   Decrease Java heap size (-Xmx/-Xms)
#   Decrease number of Java threads
#   Decrease Java thread stack sizes (-Xss)
#   Set larger code cache with -XX:ReservedCodeCacheSize=
#   JVM is running with Zero Based Compressed Oops mode in which the Java heap is
#     placed in the first 32GB address space. The Java Heap base address is the
#     maximum limit for the native heap growth. Please use -XX:HeapBaseMinAddress
#     to set the Java Heap base and to place the Java Heap above 32GB virtual address.
# This output file may be truncated or incomplete.
#
#  Out of Memory Error (os_windows.cpp:3535), pid=17984, tid=26460
#
# JRE version: Java(TM) SE Runtime Environment (17.0.4.1+1) (build 17.0.4.1+1-LTS-2)
# Java VM: Java HotSpot(TM) 64-Bit Server VM (17.0.4.1+1-LTS-2, mixed mode, sharing, tiered, compressed oops, compressed class ptrs, g1 gc, windows-amd64)
# No core dump will be written. Minidumps are not enabled by default on client versions of Windows
#

---------------  S U M M A R Y ------------

Command Line: --enable-native-access=ALL-UNNAMED -Dclassworlds.conf=C:\Users\Samitha\.m2\wrapper\dists\apache-maven-3.9.10\a38810a491b03367137adfdfbe7d14c4\bin\m2.conf -Dmaven.home=C:\Users\Samitha\.m2\wrapper\dists\apache-maven-3.9.10\a38810a491b03367137adfdfbe7d14c4 -Dlibrary.jansi.path=C:\Users\Samitha\.m2\wrapper\dists\apache-maven-3.9.10\a38810a491b03367137adfdfbe7d14c4\lib\jansi-native -Dmaven.multiModuleProjectDirectory=e:\KAL CS\4th Year\Sem 2\Enterprise Application Development\ERP_Assignment\unicourse-app org.codehaus.plexus.classworlds.launcher.Launcher -q help:effective-pom -Doutput=e:\KAL CS\4th Year\Sem 2\Enterprise Application Development\ERP_Assignment\unicourse-app\effective-pom.xml

Host: Intel(R) Core(TM) i5-10210U CPU @ 1.60GHz, 8 cores, 15G,  Windows 11 , 64 bit Build 26100 (10.0.26100.4202)
Time: Sun Jul 13 08:58:24 2025 Sri Lanka Standard Time elapsed time: 24.878016 seconds (0d 0h 0m 24s)

---------------  T H R E A D  ---------------

Current thread (0x0000026dce6f71e0):  VMThread "VM Thread" [stack: 0x000000ee22a00000,0x000000ee22b00000] [id=26460]

Stack: [0x000000ee22a00000,0x000000ee22b00000]
Native frames: (J=compiled Java code, j=interpreted, Vv=VM code, C=native code)
V  [jvm.dll+0x6723ba]
V  [jvm.dll+0x7d1e34]
V  [jvm.dll+0x7d35de]
V  [jvm.dll+0x7d3c43]
V  [jvm.dll+0x243065]
V  [jvm.dll+0x66f2d9]
V  [jvm.dll+0x663c22]
V  [jvm.dll+0x3011cb]
V  [jvm.dll+0x308766]
V  [jvm.dll+0x35846e]
V  [jvm.dll+0x35869f]
V  [jvm.dll+0x2d83e8]
V  [jvm.dll+0x2d66b4]
V  [jvm.dll+0x2d5cbc]
V  [jvm.dll+0x31972b]
V  [jvm.dll+0x7d811b]
V  [jvm.dll+0x7d8e54]
V  [jvm.dll+0x7d936c]
V  [jvm.dll+0x7d9744]
V  [jvm.dll+0x7d9810]
V  [jvm.dll+0x781fca]
V  [jvm.dll+0x671245]
C  [ucrtbase.dll+0x37b0]
C  [KERNEL32.DLL+0x2e8d7]
C  [ntdll.dll+0x3c34c]

VM_Operation (0x000000ee244fe360): G1CollectForAllocation, mode: safepoint, requested by thread 0x0000026dd0642230


---------------  P R O C E S S  ---------------

Threads class SMR info:
_java_thread_list=0x0000026dd0900770, length=17, elements={
0x0000026da9a88860, 0x0000026dce6fbf80, 0x0000026dce6fe940, 0x0000026dcf1128b0,
0x0000026dcf113170, 0x0000026dcf113a30, 0x0000026dcf1143e0, 0x0000026dcf116ff0,
0x0000026dcf1178f0, 0x0000026dcf1181f0, 0x0000026dcf2621f0, 0x0000026dcf26a1a0,
0x0000026dcfeefa80, 0x0000026dcf679dc0, 0x0000026dd06443e0, 0x0000026dd0642230,
0x0000026dd0641d60
}

Java Threads: ( => current thread )
  0x0000026da9a88860 JavaThread "main" [_thread_blocked, id=12560, stack(0x000000ee22400000,0x000000ee22500000)]
  0x0000026dce6fbf80 JavaThread "Reference Handler" daemon [_thread_blocked, id=8948, stack(0x000000ee22b00000,0x000000ee22c00000)]
  0x0000026dce6fe940 JavaThread "Finalizer" daemon [_thread_blocked, id=4504, stack(0x000000ee22c00000,0x000000ee22d00000)]
  0x0000026dcf1128b0 JavaThread "Signal Dispatcher" daemon [_thread_blocked, id=19272, stack(0x000000ee22d00000,0x000000ee22e00000)]
  0x0000026dcf113170 JavaThread "Attach Listener" daemon [_thread_blocked, id=2432, stack(0x000000ee22e00000,0x000000ee22f00000)]
  0x0000026dcf113a30 JavaThread "Service Thread" daemon [_thread_blocked, id=24928, stack(0x000000ee22f00000,0x000000ee23000000)]
  0x0000026dcf1143e0 JavaThread "Monitor Deflation Thread" daemon [_thread_blocked, id=20664, stack(0x000000ee23000000,0x000000ee23100000)]
  0x0000026dcf116ff0 JavaThread "C2 CompilerThread0" daemon [_thread_blocked, id=19084, stack(0x000000ee23100000,0x000000ee23200000)]
  0x0000026dcf1178f0 JavaThread "C1 CompilerThread0" daemon [_thread_blocked, id=13708, stack(0x000000ee23200000,0x000000ee23300000)]
  0x0000026dcf1181f0 JavaThread "Sweeper thread" daemon [_thread_blocked, id=3772, stack(0x000000ee23300000,0x000000ee23400000)]
  0x0000026dcf2621f0 JavaThread "Notification Thread" daemon [_thread_blocked, id=22552, stack(0x000000ee23400000,0x000000ee23500000)]
  0x0000026dcf26a1a0 JavaThread "Common-Cleaner" daemon [_thread_blocked, id=19624, stack(0x000000ee23600000,0x000000ee23700000)]
  0x0000026dcfeefa80 JavaThread "BasicRepositoryConnector-repo.maven.apache.org-0-0" daemon [_thread_blocked, id=9724, stack(0x000000ee24100000,0x000000ee24200000)]
  0x0000026dcf679dc0 JavaThread "BasicRepositoryConnector-repo.maven.apache.org-0-1" daemon [_thread_blocked, id=26116, stack(0x000000ee24200000,0x000000ee24300000)]
  0x0000026dd06443e0 JavaThread "BasicRepositoryConnector-repo.maven.apache.org-0-2" daemon [_thread_blocked, id=15200, stack(0x000000ee24300000,0x000000ee24400000)]
  0x0000026dd0642230 JavaThread "BasicRepositoryConnector-repo.maven.apache.org-0-3" daemon [_thread_blocked, id=17452, stack(0x000000ee24400000,0x000000ee24500000)]
  0x0000026dd0641d60 JavaThread "BasicRepositoryConnector-repo.maven.apache.org-0-4" daemon [_thread_blocked, id=24448, stack(0x000000ee24500000,0x000000ee24600000)]

Other Threads:
=>0x0000026dce6f71e0 VMThread "VM Thread" [stack: 0x000000ee22a00000,0x000000ee22b00000] [id=26460]
  0x0000026dcf262ad0 WatcherThread [stack: 0x000000ee23500000,0x000000ee23600000] [id=14144]
  0x0000026da9af73d0 GCTaskThread "GC Thread#0" [stack: 0x000000ee22500000,0x000000ee22600000] [id=10248]
  0x0000026dcfb48d60 GCTaskThread "GC Thread#1" [stack: 0x000000ee23900000,0x000000ee23a00000] [id=8564]
  0x0000026dd03646f0 GCTaskThread "GC Thread#2" [stack: 0x000000ee23a00000,0x000000ee23b00000] [id=25760]
  0x0000026dd02e7b40 GCTaskThread "GC Thread#3" [stack: 0x000000ee23b00000,0x000000ee23c00000] [id=13880]
  0x0000026dd02e8610 GCTaskThread "GC Thread#4" [stack: 0x000000ee23c00000,0x000000ee23d00000] [id=11472]
  0x0000026dcf6bf790 GCTaskThread "GC Thread#5" [stack: 0x000000ee23d00000,0x000000ee23e00000] [id=24980]
  0x0000026dcfce8970 GCTaskThread "GC Thread#6" [stack: 0x000000ee23e00000,0x000000ee23f00000] [id=7916]
  0x0000026dd04d2780 GCTaskThread "GC Thread#7" [stack: 0x000000ee23700000,0x000000ee23800000] [id=8692]
  0x0000026da9b08ca0 ConcurrentGCThread "G1 Main Marker" [stack: 0x000000ee22600000,0x000000ee22700000] [id=13064]
  0x0000026da9b0a460 ConcurrentGCThread "G1 Conc#0" [stack: 0x000000ee22700000,0x000000ee22800000] [id=23196]
  0x0000026dcf1b89f0 ConcurrentGCThread "G1 Conc#1" [stack: 0x000000ee24000000,0x000000ee24100000] [id=12644]
  0x0000026dce5a9120 ConcurrentGCThread "G1 Refine#0" [stack: 0x000000ee22800000,0x000000ee22900000] [id=23688]
  0x0000026dd25cbc50 ConcurrentGCThread "G1 Refine#1" [stack: 0x000000ee23f00000,0x000000ee24000000] [id=22316]
  0x0000026dce5a98e0 ConcurrentGCThread "G1 Service" [stack: 0x000000ee22900000,0x000000ee22a00000] [id=24588]

Threads with active compile tasks:
C2 CompilerThread0    24918 5146       4       org.apache.http.util.CharArrayBuffer::append (158 bytes)

VM state: at safepoint (normal execution)

VM Mutex/Monitor currently owned by a thread:  ([mutex/lock_event])
[0x0000026da9a85af0] Threads_lock - owner thread: 0x0000026dce6f71e0
[0x0000026da9a85280] Heap_lock - owner thread: 0x0000026dd0642230

Heap address: 0x0000000702400000, size: 4060 MB, Compressed Oops mode: Zero based, Oop shift amount: 3

CDS archive(s) mapped at: [0x0000000800000000-0x0000000800bc0000-0x0000000800bc0000), size 12320768, SharedBaseAddress: 0x0000000800000000, ArchiveRelocationMode: 0.
Compressed class space mapped at: 0x0000000800c00000-0x0000000840c00000, reserved size: 1073741824
Narrow klass base: 0x0000000800000000, Narrow klass shift: 0, Narrow klass range: 0x100000000

GC Precious Log:
 CPUs: 8 total, 8 available
 Memory: 16234M
 Large Page Support: Disabled
 NUMA Support: Disabled
 Compressed Oops: Enabled (Zero based)
 Heap Region Size: 2M
 Heap Min Capacity: 8M
 Heap Initial Capacity: 254M
 Heap Max Capacity: 4060M
 Pre-touch: Disabled
 Parallel Workers: 8
 Concurrent Workers: 2
 Concurrent Refinement Workers: 8
 Periodic GC: Disabled

Heap:
 garbage-first heap   total 59392K, used 27006K [0x0000000702400000, 0x0000000800000000)
  region size 2048K, 1 young (2048K), 1 survivors (2048K)
 Metaspace       used 23688K, committed 23936K, reserved 1073152K
  class space    used 2786K, committed 2880K, reserved 1048576K

Heap Regions: E=young(eden), S=young(survivor), O=old, HS=humongous(starts), HC=humongous(continues), CS=collection set, F=free, OA=open archive, CA=closed archive, TAMS=top-at-mark-start (previous, next)
|   0|0x0000000702400000, 0x0000000702600000, 0x0000000702600000|100%| O|  |TAMS 0x0000000702600000, 0x0000000702400000| Untracked 
|   1|0x0000000702600000, 0x0000000702800000, 0x0000000702800000|100%| O|  |TAMS 0x0000000702800000, 0x0000000702600000| Untracked 
|   2|0x0000000702800000, 0x0000000702a00000, 0x0000000702a00000|100%| O|  |TAMS 0x0000000702a00000, 0x0000000702800000| Untracked 
|   3|0x0000000702a00000, 0x0000000702c00000, 0x0000000702c00000|100%| O|  |TAMS 0x0000000702c00000, 0x0000000702a00000| Untracked 
|   4|0x0000000702c00000, 0x0000000702e00000, 0x0000000702e00000|100%| O|  |TAMS 0x0000000702e00000, 0x0000000702c00000| Untracked 
|   5|0x0000000702e00000, 0x0000000703000000, 0x0000000703000000|100%| O|  |TAMS 0x0000000703000000, 0x0000000702e00000| Untracked 
|   6|0x0000000703000000, 0x0000000703200000, 0x0000000703200000|100%| O|  |TAMS 0x0000000703200000, 0x0000000703000000| Untracked 
|   7|0x0000000703200000, 0x0000000703400000, 0x0000000703400000|100%| O|  |TAMS 0x0000000703400000, 0x0000000703200000| Untracked 
|   8|0x0000000703400000, 0x0000000703600000, 0x0000000703600000|100%| O|  |TAMS 0x0000000703600000, 0x0000000703400000| Untracked 
|   9|0x0000000703600000, 0x0000000703600000, 0x0000000703800000|  0%| F|  |TAMS 0x0000000703600000, 0x0000000703600000| Untracked 
|  10|0x0000000703800000, 0x0000000703a00000, 0x0000000703a00000|100%| O|  |TAMS 0x0000000703a00000, 0x0000000703800000| Untracked 
|  11|0x0000000703a00000, 0x0000000703c00000, 0x0000000703c00000|100%| O|  |TAMS 0x0000000703c00000, 0x0000000703a00000| Untracked 
|  12|0x0000000703c00000, 0x0000000703c00000, 0x0000000703e00000|  0%| F|  |TAMS 0x0000000703c00000, 0x0000000703c00000| Untracked 
|  13|0x0000000703e00000, 0x0000000703e00000, 0x0000000704000000|  0%| F|  |TAMS 0x0000000703e00000, 0x0000000703e00000| Untracked 
|  14|0x0000000704000000, 0x0000000704200000, 0x0000000704200000|100%| O|  |TAMS 0x0000000704000000, 0x0000000704000000| Untracked 
|  15|0x0000000704200000, 0x000000070434e800, 0x0000000704400000| 65%| O|  |TAMS 0x0000000704200000, 0x0000000704200000| Untracked 
|  16|0x0000000704400000, 0x0000000704400000, 0x0000000704600000|  0%| F|  |TAMS 0x0000000704400000, 0x0000000704400000| Untracked 
|  17|0x0000000704600000, 0x0000000704600000, 0x0000000704800000|  0%| F|  |TAMS 0x0000000704600000, 0x0000000704600000| Untracked 
|  18|0x0000000704800000, 0x0000000704800000, 0x0000000704a00000|  0%| F|  |TAMS 0x0000000704800000, 0x0000000704800000| Untracked 
|  19|0x0000000704a00000, 0x0000000704a00000, 0x0000000704c00000|  0%| F|  |TAMS 0x0000000704a00000, 0x0000000704a00000| Untracked 
|  20|0x0000000704c00000, 0x0000000704c00000, 0x0000000704e00000|  0%| F|  |TAMS 0x0000000704c00000, 0x0000000704c00000| Untracked 
|  21|0x0000000704e00000, 0x0000000704f113e8, 0x0000000705000000| 53%| S|CS|TAMS 0x0000000704e00000, 0x0000000704e00000| Complete 
|  22|0x0000000705000000, 0x0000000705000000, 0x0000000705200000|  0%| F|  |TAMS 0x0000000705000000, 0x0000000705000000| Untracked 
|  88|0x000000070d400000, 0x000000070d400000, 0x000000070d600000|  0%| F|  |TAMS 0x000000070d400000, 0x000000070d400000| Untracked 
|  89|0x000000070d600000, 0x000000070d600000, 0x000000070d800000|  0%| F|  |TAMS 0x000000070d600000, 0x000000070d600000| Untracked 
|  90|0x000000070d800000, 0x000000070d800000, 0x000000070da00000|  0%| F|  |TAMS 0x000000070d800000, 0x000000070d800000| Untracked 
|  91|0x000000070da00000, 0x000000070da00000, 0x000000070dc00000|  0%| F|  |TAMS 0x000000070da00000, 0x000000070da00000| Untracked 
|  92|0x000000070dc00000, 0x000000070dc00000, 0x000000070de00000|  0%| F|  |TAMS 0x000000070dc00000, 0x000000070dc00000| Untracked 
| 126|0x0000000712000000, 0x0000000712000000, 0x0000000712200000|  0%| F|  |TAMS 0x0000000712000000, 0x0000000712000000| Untracked 

Card table byte_map: [0x0000026dc2dd0000,0x0000026dc35c0000] _byte_map_base: 0x0000026dbf5be000

Marking Bits (Prev, Next): (CMBitMap*) 0x0000026da9af78e0, (CMBitMap*) 0x0000026da9af7920
 Prev Bits: [0x0000026dc3db0000, 0x0000026dc7d20000)
 Next Bits: [0x0000026dc7d20000, 0x0000026dcbc90000)

Polling page: 0x0000026da9b50000

Metaspace:

Usage:
  Non-class:     20.41 MB used.
      Class:      2.72 MB used.
       Both:     23.13 MB used.

Virtual space:
  Non-class space:       24.00 MB reserved,      20.56 MB ( 86%) committed,  3 nodes.
      Class space:        1.00 GB reserved,       2.81 MB ( <1%) committed,  1 nodes.
             Both:        1.02 GB reserved,      23.38 MB (  2%) committed. 

Chunk freelists:
   Non-Class:  2.68 MB
       Class:  1.16 MB
        Both:  3.85 MB

MaxMetaspaceSize: unlimited
CompressedClassSpaceSize: 1.00 GB
Initial GC threshold: 21.00 MB
Current GC threshold: 37.94 MB
CDS: on
MetaspaceReclaimPolicy: balanced
 - commit_granule_bytes: 65536.
 - commit_granule_words: 8192.
 - virtual_space_node_default_size: 1048576.
 - enlarge_chunks_in_place: 1.
 - new_chunks_are_fully_committed: 0.
 - uncommit_free_chunks: 1.
 - use_allocation_guard: 0.
 - handle_deallocations: 1.


Internal statistics:

num_allocs_failed_limit: 3.
num_arena_births: 134.
num_arena_deaths: 0.
num_vsnodes_births: 4.
num_vsnodes_deaths: 0.
num_space_committed: 374.
num_space_uncommitted: 0.
num_chunks_returned_to_freelist: 3.
num_chunks_taken_from_freelist: 804.
num_chunk_merges: 3.
num_chunk_splits: 532.
num_chunks_enlarged: 409.
num_purges: 0.
num_inconsistent_stats: 0.

CodeHeap 'non-profiled nmethods': size=120000Kb used=2855Kb max_used=2855Kb free=117144Kb
 bounds [0x0000026dba740000, 0x0000026dbaa10000, 0x0000026dc1c70000]
CodeHeap 'profiled nmethods': size=120000Kb used=10698Kb max_used=10698Kb free=109301Kb
 bounds [0x0000026db3210000, 0x0000026db3c90000, 0x0000026dba740000]
CodeHeap 'non-nmethods': size=5760Kb used=1232Kb max_used=1304Kb free=4527Kb
 bounds [0x0000026db2c70000, 0x0000026db2ee0000, 0x0000026db3210000]
 total_blobs=5686 nmethods=5153 adapters=445
 compilation: enabled
              stopped_count=0, restarted_count=0
 full_count=0

Compilation events (20 events):
Event: 22.858 Thread 0x0000026dcf1178f0 5151       3       com.sun.crypto.provider.ChaCha20Cipher::engineInit (162 bytes)
Event: 22.859 Thread 0x0000026dcf1178f0 nmethod 5151 0x0000026db3c7c810 code [0x0000026db3c7caa0, 0x0000026db3c7d8e8]
Event: 22.859 Thread 0x0000026dcf1178f0 5155       3       javax.crypto.spec.SecretKeySpec::<init> (109 bytes)
Event: 22.860 Thread 0x0000026dcf1178f0 nmethod 5155 0x0000026db3c7dc90 code [0x0000026db3c7dee0, 0x0000026db3c7e7f8]
Event: 22.860 Thread 0x0000026dcf1178f0 5156       3       com.sun.crypto.provider.Poly1305::engineInit (84 bytes)
Event: 22.861 Thread 0x0000026dcf1178f0 nmethod 5156 0x0000026db3c7ea90 code [0x0000026db3c7ed80, 0x0000026db3c7fe48]
Event: 22.861 Thread 0x0000026dcf1178f0 5152       3       com.sun.crypto.provider.ChaCha20Cipher::init (181 bytes)
Event: 22.863 Thread 0x0000026dcf1178f0 nmethod 5152 0x0000026db3c80390 code [0x0000026db3c80640, 0x0000026db3c81338]
Event: 22.863 Thread 0x0000026dcf1178f0 5153       3       com.sun.crypto.provider.ChaCha20Cipher::getEncodedKey (66 bytes)
Event: 22.863 Thread 0x0000026dcf1178f0 nmethod 5153 0x0000026db3c81710 code [0x0000026db3c81920, 0x0000026db3c81eb8]
Event: 22.863 Thread 0x0000026dcf1178f0 5154       3       com.sun.crypto.provider.ChaCha20Cipher::checkKeyAndNonce (34 bytes)
Event: 22.863 Thread 0x0000026dcf116ff0 nmethod 5145 0x0000026dbaa09090 code [0x0000026dbaa09240, 0x0000026dbaa09638]
Event: 22.863 Thread 0x0000026dcf116ff0 5146       4       org.apache.http.util.CharArrayBuffer::append (158 bytes)
Event: 22.864 Thread 0x0000026dcf1178f0 nmethod 5154 0x0000026db3c82090 code [0x0000026db3c82260, 0x0000026db3c82548]
Event: 22.864 Thread 0x0000026dcf1178f0 5157       3       java.util.Calendar::aggregateStamp (21 bytes)
Event: 22.864 Thread 0x0000026dcf1178f0 nmethod 5157 0x0000026db3c82690 code [0x0000026db3c82820, 0x0000026db3c829f8]
Event: 22.864 Thread 0x0000026dcf1178f0 5158       1       java.util.Calendar::isLenient (5 bytes)
Event: 22.864 Thread 0x0000026dcf1178f0 nmethod 5158 0x0000026dbaa09990 code [0x0000026dbaa09b20, 0x0000026dbaa09bf8]
Event: 22.864 Thread 0x0000026dcf1178f0 5159       1       java.util.stream.FindOps$FindSink::cancellationRequested (5 bytes)
Event: 22.865 Thread 0x0000026dcf1178f0 nmethod 5159 0x0000026dbaa09c90 code [0x0000026dbaa09e20, 0x0000026dbaa09ef8]

GC Heap History (20 events):
Event: 1.551 GC heap after
{Heap after GC invocations=1 (full 0):
 garbage-first heap   total 260096K, used 3677K [0x0000000702400000, 0x0000000800000000)
  region size 2048K, 2 young (4096K), 2 survivors (4096K)
 Metaspace       used 5382K, committed 5568K, reserved 1056768K
  class space    used 646K, committed 768K, reserved 1048576K
}
Event: 3.054 GC heap before
{Heap before GC invocations=1 (full 0):
 garbage-first heap   total 260096K, used 34397K [0x0000000702400000, 0x0000000800000000)
  region size 2048K, 17 young (34816K), 2 survivors (4096K)
 Metaspace       used 9062K, committed 9280K, reserved 1064960K
  class space    used 1100K, committed 1216K, reserved 1048576K
}
Event: 3.060 GC heap after
{Heap after GC invocations=2 (full 0):
 garbage-first heap   total 260096K, used 5137K [0x0000000702400000, 0x0000000800000000)
  region size 2048K, 1 young (2048K), 1 survivors (2048K)
 Metaspace       used 9062K, committed 9280K, reserved 1064960K
  class space    used 1100K, committed 1216K, reserved 1048576K
}
Event: 9.680 GC heap before
{Heap before GC invocations=2 (full 0):
 garbage-first heap   total 260096K, used 70673K [0x0000000702400000, 0x0000000800000000)
  region size 2048K, 34 young (69632K), 1 survivors (2048K)
 Metaspace       used 21309K, committed 21504K, reserved 1073152K
  class space    used 2573K, committed 2688K, reserved 1048576K
}
Event: 9.695 GC heap after
{Heap after GC invocations=3 (full 0):
 garbage-first heap   total 260096K, used 13350K [0x0000000702400000, 0x0000000800000000)
  region size 2048K, 5 young (10240K), 5 survivors (10240K)
 Metaspace       used 21309K, committed 21504K, reserved 1073152K
  class space    used 2573K, committed 2688K, reserved 1048576K
}
Event: 13.354 GC heap before
{Heap before GC invocations=4 (full 0):
 garbage-first heap   total 55296K, used 35878K [0x0000000702400000, 0x0000000800000000)
  region size 2048K, 16 young (32768K), 5 survivors (10240K)
 Metaspace       used 22878K, committed 23104K, reserved 1073152K
  class space    used 2736K, committed 2816K, reserved 1048576K
}
Event: 13.372 GC heap after
{Heap after GC invocations=5 (full 0):
 garbage-first heap   total 55296K, used 15825K [0x0000000702400000, 0x0000000800000000)
  region size 2048K, 2 young (4096K), 2 survivors (4096K)
 Metaspace       used 22878K, committed 23104K, reserved 1073152K
  class space    used 2736K, committed 2816K, reserved 1048576K
}
Event: 13.413 GC heap before
{Heap before GC invocations=5 (full 0):
 garbage-first heap   total 55296K, used 17873K [0x0000000702400000, 0x0000000800000000)
  region size 2048K, 3 young (6144K), 2 survivors (4096K)
 Metaspace       used 22878K, committed 23104K, reserved 1073152K
  class space    used 2736K, committed 2816K, reserved 1048576K
}
Event: 13.424 GC heap after
{Heap after GC invocations=6 (full 0):
 garbage-first heap   total 55296K, used 16616K [0x0000000702400000, 0x0000000800000000)
  region size 2048K, 1 young (2048K), 1 survivors (2048K)
 Metaspace       used 22878K, committed 23104K, reserved 1073152K
  class space    used 2736K, committed 2816K, reserved 1048576K
}
Event: 15.752 GC heap before
{Heap before GC invocations=6 (full 0):
 garbage-first heap   total 55296K, used 37096K [0x0000000702400000, 0x0000000800000000)
  region size 2048K, 11 young (22528K), 1 survivors (2048K)
 Metaspace       used 22992K, committed 23168K, reserved 1073152K
  class space    used 2736K, committed 2816K, reserved 1048576K
}
Event: 15.774 GC heap after
{Heap after GC invocations=7 (full 0):
 garbage-first heap   total 55296K, used 24209K [0x0000000702400000, 0x0000000800000000)
  region size 2048K, 2 young (4096K), 2 survivors (4096K)
 Metaspace       used 22992K, committed 23168K, reserved 1073152K
  class space    used 2736K, committed 2816K, reserved 1048576K
}
Event: 16.907 GC heap before
{Heap before GC invocations=7 (full 0):
 garbage-first heap   total 55296K, used 36497K [0x0000000702400000, 0x0000000800000000)
  region size 2048K, 8 young (16384K), 2 survivors (4096K)
 Metaspace       used 23069K, committed 23296K, reserved 1073152K
  class space    used 2736K, committed 2816K, reserved 1048576K
}
Event: 16.934 GC heap after
{Heap after GC invocations=8 (full 0):
 garbage-first heap   total 55296K, used 29908K [0x0000000702400000, 0x0000000800000000)
  region size 2048K, 1 young (2048K), 1 survivors (2048K)
 Metaspace       used 23069K, committed 23296K, reserved 1073152K
  class space    used 2736K, committed 2816K, reserved 1048576K
}
Event: 18.551 GC heap before
{Heap before GC invocations=8 (full 0):
 garbage-first heap   total 55296K, used 38100K [0x0000000702400000, 0x0000000800000000)
  region size 2048K, 5 young (10240K), 1 survivors (2048K)
 Metaspace       used 23120K, committed 23296K, reserved 1073152K
  class space    used 2737K, committed 2816K, reserved 1048576K
}
Event: 18.567 GC heap after
{Heap after GC invocations=9 (full 0):
 garbage-first heap   total 55296K, used 31181K [0x0000000702400000, 0x0000000800000000)
  region size 2048K, 1 young (2048K), 1 survivors (2048K)
 Metaspace       used 23120K, committed 23296K, reserved 1073152K
  class space    used 2737K, committed 2816K, reserved 1048576K
}
Event: 19.954 GC heap before
{Heap before GC invocations=10 (full 0):
 garbage-first heap   total 59392K, used 39373K [0x0000000702400000, 0x0000000800000000)
  region size 2048K, 5 young (10240K), 1 survivors (2048K)
 Metaspace       used 23382K, committed 23616K, reserved 1073152K
  class space    used 2768K, committed 2880K, reserved 1048576K
}
Event: 19.960 GC heap after
{Heap after GC invocations=11 (full 0):
 garbage-first heap   total 59392K, used 31271K [0x0000000702400000, 0x0000000800000000)
  region size 2048K, 1 young (2048K), 1 survivors (2048K)
 Metaspace       used 23382K, committed 23616K, reserved 1073152K
  class space    used 2768K, committed 2880K, reserved 1048576K
}
Event: 20.356 GC heap before
{Heap before GC invocations=11 (full 0):
 garbage-first heap   total 59392K, used 31271K [0x0000000702400000, 0x0000000800000000)
  region size 2048K, 2 young (4096K), 1 survivors (2048K)
 Metaspace       used 23408K, committed 23616K, reserved 1073152K
  class space    used 2768K, committed 2880K, reserved 1048576K
}
Event: 20.365 GC heap after
{Heap after GC invocations=12 (full 0):
 garbage-first heap   total 59392K, used 26509K [0x0000000702400000, 0x0000000800000000)
  region size 2048K, 1 young (2048K), 1 survivors (2048K)
 Metaspace       used 23408K, committed 23616K, reserved 1073152K
  class space    used 2768K, committed 2880K, reserved 1048576K
}
Event: 22.866 GC heap before
{Heap before GC invocations=12 (full 0):
 garbage-first heap   total 59392K, used 38797K [0x0000000702400000, 0x0000000800000000)
  region size 2048K, 7 young (14336K), 1 survivors (2048K)
 Metaspace       used 23688K, committed 23936K, reserved 1073152K
  class space    used 2786K, committed 2880K, reserved 1048576K
}

Deoptimization events (20 events):
Event: 22.511 Thread 0x0000026dd0642230 Uncommon trap: trap_request=0xffffffde fr.pc=0x0000026dba93474c relative=0x00000000000000ac
Event: 22.511 Thread 0x0000026dd0642230 Uncommon trap: reason=class_check action=maybe_recompile pc=0x0000026dba93474c method=sun.security.util.math.intpoly.IntegerPolynomial.carryOut([JI)J @ 4 c2
Event: 22.511 Thread 0x0000026dd0642230 DEOPT PACKING pc=0x0000026dba93474c sp=0x000000ee244fd490
Event: 22.511 Thread 0x0000026dd0642230 DEOPT UNPACKING pc=0x0000026db2cc23a3 sp=0x000000ee244fd420 mode 2
Event: 22.511 Thread 0x0000026dd0642230 Uncommon trap: trap_request=0xffffffde fr.pc=0x0000026dba93474c relative=0x00000000000000ac
Event: 22.511 Thread 0x0000026dd0642230 Uncommon trap: reason=class_check action=maybe_recompile pc=0x0000026dba93474c method=sun.security.util.math.intpoly.IntegerPolynomial.carryOut([JI)J @ 4 c2
Event: 22.511 Thread 0x0000026dd0642230 DEOPT PACKING pc=0x0000026dba93474c sp=0x000000ee244fd490
Event: 22.511 Thread 0x0000026dd0642230 DEOPT UNPACKING pc=0x0000026db2cc23a3 sp=0x000000ee244fd420 mode 2
Event: 22.511 Thread 0x0000026dd0642230 Uncommon trap: trap_request=0xffffffde fr.pc=0x0000026dba93474c relative=0x00000000000000ac
Event: 22.511 Thread 0x0000026dd0642230 Uncommon trap: reason=class_check action=maybe_recompile pc=0x0000026dba93474c method=sun.security.util.math.intpoly.IntegerPolynomial.carryOut([JI)J @ 4 c2
Event: 22.511 Thread 0x0000026dd0642230 DEOPT PACKING pc=0x0000026dba93474c sp=0x000000ee244fd490
Event: 22.511 Thread 0x0000026dd0642230 DEOPT UNPACKING pc=0x0000026db2cc23a3 sp=0x000000ee244fd420 mode 2
Event: 22.511 Thread 0x0000026dd0642230 Uncommon trap: trap_request=0xffffffde fr.pc=0x0000026dba93474c relative=0x00000000000000ac
Event: 22.511 Thread 0x0000026dd0642230 Uncommon trap: reason=class_check action=maybe_recompile pc=0x0000026dba93474c method=sun.security.util.math.intpoly.IntegerPolynomial.carryOut([JI)J @ 4 c2
Event: 22.511 Thread 0x0000026dd0642230 DEOPT PACKING pc=0x0000026dba93474c sp=0x000000ee244fd490
Event: 22.511 Thread 0x0000026dd0642230 DEOPT UNPACKING pc=0x0000026db2cc23a3 sp=0x000000ee244fd420 mode 2
Event: 22.511 Thread 0x0000026dd0642230 Uncommon trap: trap_request=0xffffff76 fr.pc=0x0000026dba93d408 relative=0x0000000000000208
Event: 22.511 Thread 0x0000026dd0642230 Uncommon trap: reason=predicate action=maybe_recompile pc=0x0000026dba93d408 method=sun.security.util.math.intpoly.IntegerPolynomial.carry([JII)V @ 6 c2
Event: 22.511 Thread 0x0000026dd0642230 DEOPT PACKING pc=0x0000026dba93d408 sp=0x000000ee244fd520
Event: 22.511 Thread 0x0000026dd0642230 DEOPT UNPACKING pc=0x0000026db2cc23a3 sp=0x000000ee244fd4b0 mode 2

Classes unloaded (0 events):
No events

Classes redefined (0 events):
No events

Internal exceptions (20 events):
Event: 22.064 Thread 0x0000026da9a88860 Exception <a 'sun/nio/fs/WindowsException'{0x000000070d7b1438}> (0x000000070d7b1438) 
thrown [s\open\src\hotspot\share\prims\jni.cpp, line 516]
Event: 22.308 Thread 0x0000026da9a88860 Exception <a 'sun/nio/fs/WindowsException'{0x000000070d7b99f8}> (0x000000070d7b99f8) 
thrown [s\open\src\hotspot\share\prims\jni.cpp, line 516]
Event: 22.324 Thread 0x0000026da9a88860 Exception <a 'sun/nio/fs/WindowsException'{0x000000070d7d0b00}> (0x000000070d7d0b00) 
thrown [s\open\src\hotspot\share\prims\jni.cpp, line 516]
Event: 22.342 Thread 0x0000026dd06443e0 Exception <a 'sun/nio/fs/WindowsException'{0x000000070d400458}> (0x000000070d400458) 
thrown [s\open\src\hotspot\share\prims\jni.cpp, line 516]
Event: 22.342 Thread 0x0000026dcfeefa80 Exception <a 'sun/nio/fs/WindowsException'{0x000000070d400d10}> (0x000000070d400d10) 
thrown [s\open\src\hotspot\share\prims\jni.cpp, line 516]
Event: 22.342 Thread 0x0000026dd0642230 Exception <a 'sun/nio/fs/WindowsException'{0x000000070d41f8c0}> (0x000000070d41f8c0) 
thrown [s\open\src\hotspot\share\prims\jni.cpp, line 516]
Event: 22.343 Thread 0x0000026dcfeefa80 Implicit null exception at 0x0000026dba9e8943 to 0x0000026dba9e916c
Event: 22.344 Thread 0x0000026dd0641d60 Exception <a 'sun/nio/fs/WindowsException'{0x000000070d43e460}> (0x000000070d43e460) 
thrown [s\open\src\hotspot\share\prims\jni.cpp, line 516]
Event: 22.351 Thread 0x0000026dcf679dc0 Exception <a 'sun/nio/fs/WindowsException'{0x000000070d47bc30}> (0x000000070d47bc30) 
thrown [s\open\src\hotspot\share\prims\jni.cpp, line 516]
Event: 22.509 Thread 0x0000026dcfeefa80 Exception <a 'sun/nio/fs/WindowsException'{0x000000070d408698}> (0x000000070d408698) 
thrown [s\open\src\hotspot\share\prims\jni.cpp, line 516]
Event: 22.555 Thread 0x0000026dcfeefa80 Exception <a 'sun/nio/fs/WindowsException'{0x000000070511dd00}> (0x000000070511dd00) 
thrown [s\open\src\hotspot\share\prims\jni.cpp, line 516]
Event: 22.562 Thread 0x0000026dcfeefa80 Exception <a 'sun/nio/fs/WindowsException'{0x000000070512fcb0}> (0x000000070512fcb0) 
thrown [s\open\src\hotspot\share\prims\jni.cpp, line 516]
Event: 22.715 Thread 0x0000026dcfeefa80 Exception <a 'sun/nio/fs/WindowsException'{0x0000000705136dc0}> (0x0000000705136dc0) 
thrown [s\open\src\hotspot\share\prims\jni.cpp, line 516]
Event: 22.846 Thread 0x0000026dd0641d60 Exception <a 'sun/nio/fs/WindowsException'{0x000000070517e408}> (0x000000070517e408) 
thrown [s\open\src\hotspot\share\prims\jni.cpp, line 516]
Event: 22.851 Thread 0x0000026dd06443e0 Exception <a 'sun/nio/fs/WindowsException'{0x0000000705089ee8}> (0x0000000705089ee8) 
thrown [s\open\src\hotspot\share\prims\jni.cpp, line 516]
Event: 22.851 Thread 0x0000026dcf679dc0 Exception <a 'sun/nio/fs/WindowsException'{0x0000000705161f28}> (0x0000000705161f28) 
thrown [s\open\src\hotspot\share\prims\jni.cpp, line 516]
Event: 22.853 Thread 0x0000026dd0641d60 Exception <a 'sun/nio/fs/WindowsException'{0x00000007051c0600}> (0x00000007051c0600) 
thrown [s\open\src\hotspot\share\prims\jni.cpp, line 516]
Event: 22.858 Thread 0x0000026dd0642230 Exception <a 'sun/nio/fs/WindowsException'{0x0000000705141120}> (0x0000000705141120) 
thrown [s\open\src\hotspot\share\prims\jni.cpp, line 516]
Event: 22.861 Thread 0x0000026dd0641d60 Exception <a 'sun/nio/fs/WindowsException'{0x00000007051d2470}> (0x00000007051d2470) 
thrown [s\open\src\hotspot\share\prims\jni.cpp, line 516]
Event: 22.865 Thread 0x0000026dd0642230 Exception <a 'sun/nio/fs/WindowsException'{0x00000007051fe220}> (0x00000007051fe220) 
thrown [s\open\src\hotspot\share\prims\jni.cpp, line 516]

VM Operations (20 events):
Event: 16.939 Executing VM operation: G1CollectForAllocation done
Event: 17.940 Executing VM operation: Cleanup
Event: 17.940 Executing VM operation: Cleanup done
Event: 18.551 Executing VM operation: G1CollectForAllocation
Event: 18.567 Executing VM operation: G1CollectForAllocation done
Event: 18.612 Executing VM operation: G1Concurrent
Event: 18.618 Executing VM operation: G1Concurrent done
Event: 18.634 Executing VM operation: G1Concurrent
Event: 18.635 Executing VM operation: G1Concurrent done
Event: 19.635 Executing VM operation: Cleanup
Event: 19.635 Executing VM operation: Cleanup done
Event: 19.954 Executing VM operation: G1CollectForAllocation
Event: 19.960 Executing VM operation: G1CollectForAllocation done
Event: 20.356 Executing VM operation: G1CollectForAllocation
Event: 20.366 Executing VM operation: G1CollectForAllocation done
Event: 21.366 Executing VM operation: Cleanup
Event: 21.367 Executing VM operation: Cleanup done
Event: 22.368 Executing VM operation: Cleanup
Event: 22.368 Executing VM operation: Cleanup done
Event: 22.866 Executing VM operation: G1CollectForAllocation

Events (20 events):
Event: 22.063 loading class java/util/concurrent/Executors done
Event: 22.063 loading class java/util/concurrent/Executors$DefaultThreadFactory
Event: 22.063 loading class java/util/concurrent/Executors$DefaultThreadFactory done
Event: 22.332 loading class java/util/concurrent/ThreadPoolExecutor$Worker
Event: 22.332 loading class java/util/concurrent/ThreadPoolExecutor$Worker done
Event: 22.333 loading class java/lang/Thread$State
Event: 22.333 loading class java/lang/Thread$State done
Event: 22.333 Thread 0x0000026dcfeefa80 Thread added: 0x0000026dcfeefa80
Event: 22.334 Thread 0x0000026dcf679dc0 Thread added: 0x0000026dcf679dc0
Event: 22.334 Thread 0x0000026dd06443e0 Thread added: 0x0000026dd06443e0
Event: 22.335 Thread 0x0000026dd0642230 Thread added: 0x0000026dd0642230
Event: 22.335 Thread 0x0000026dd0641d60 Thread added: 0x0000026dd0641d60
Event: 22.343 loading class java/util/concurrent/locks/AbstractQueuedSynchronizer$ExclusiveNode
Event: 22.343 loading class java/util/concurrent/locks/AbstractQueuedSynchronizer$Node
Event: 22.344 loading class java/util/concurrent/locks/AbstractQueuedSynchronizer$Node done
Event: 22.344 loading class java/util/concurrent/locks/AbstractQueuedSynchronizer$ExclusiveNode done
Event: 22.512 Thread 0x0000026dd289ab90 Thread added: 0x0000026dd289ab90
Event: 22.527 Thread 0x0000026dd289b0a0 Thread added: 0x0000026dd289b0a0
Event: 22.846 Thread 0x0000026dd289b0a0 Thread exited: 0x0000026dd289b0a0
Event: 22.850 Thread 0x0000026dd289ab90 Thread exited: 0x0000026dd289ab90


Dynamic libraries:
0x00007ff7ed460000 - 0x00007ff7ed470000 	C:\Program Files\Java\jdk-17.0.4.1\bin\java.exe
0x00007ffdcfbe0000 - 0x00007ffdcfe45000 	C:\WINDOWS\SYSTEM32\ntdll.dll
0x00007ffdcdfe0000 - 0x00007ffdce0a9000 	C:\WINDOWS\System32\KERNEL32.DLL
0x00007ffdcce60000 - 0x00007ffdcd248000 	C:\WINDOWS\System32\KERNELBASE.dll
0x00007ffdcd800000 - 0x00007ffdcd94b000 	C:\WINDOWS\System32\ucrtbase.dll
0x00007ffdb9d90000 - 0x00007ffdb9daa000 	C:\Program Files\Java\jdk-17.0.4.1\bin\VCRUNTIME140.dll
0x00007ffda4930000 - 0x00007ffda4948000 	C:\Program Files\Java\jdk-17.0.4.1\bin\jli.dll
0x00007ffdcfae0000 - 0x00007ffdcfb93000 	C:\WINDOWS\System32\ADVAPI32.dll
0x00007ffdce3f0000 - 0x00007ffdce499000 	C:\WINDOWS\System32\msvcrt.dll
0x00007ffdcfa30000 - 0x00007ffdcfad6000 	C:\WINDOWS\System32\sechost.dll
0x00007ffdce0c0000 - 0x00007ffdce1d5000 	C:\WINDOWS\System32\RPCRT4.dll
0x00007ffdcde00000 - 0x00007ffdcdfca000 	C:\WINDOWS\System32\USER32.dll
0x00007ffdae9e0000 - 0x00007ffdaec7a000 	C:\WINDOWS\WinSxS\amd64_microsoft.windows.common-controls_6595b64144ccf1df_6.0.26100.4202_none_3e0698d4e335f517\COMCTL32.dll
0x00007ffdcd950000 - 0x00007ffdcd977000 	C:\WINDOWS\System32\win32u.dll
0x00007ffdce260000 - 0x00007ffdce28b000 	C:\WINDOWS\System32\GDI32.dll
0x00007ffdcd250000 - 0x00007ffdcd387000 	C:\WINDOWS\System32\gdi32full.dll
0x00007ffdcd750000 - 0x00007ffdcd7f3000 	C:\WINDOWS\System32\msvcp_win.dll
0x00007ffdc0a70000 - 0x00007ffdc0a7b000 	C:\WINDOWS\SYSTEM32\VERSION.dll
0x00007ffdce4a0000 - 0x00007ffdce4d0000 	C:\WINDOWS\System32\IMM32.DLL
0x00007ffdc4670000 - 0x00007ffdc467c000 	C:\Program Files\Java\jdk-17.0.4.1\bin\vcruntime140_1.dll
0x00007ffd75f20000 - 0x00007ffd75fad000 	C:\Program Files\Java\jdk-17.0.4.1\bin\msvcp140.dll
0x00007ffd203d0000 - 0x00007ffd20f92000 	C:\Program Files\Java\jdk-17.0.4.1\bin\server\jvm.dll
0x00007ffdcdfd0000 - 0x00007ffdcdfd8000 	C:\WINDOWS\System32\PSAPI.DLL
0x00007ffdaee00000 - 0x00007ffdaee0a000 	C:\WINDOWS\SYSTEM32\WSOCK32.dll
0x00007ffdb7630000 - 0x00007ffdb7665000 	C:\WINDOWS\SYSTEM32\WINMM.dll
0x00007ffdce1e0000 - 0x00007ffdce254000 	C:\WINDOWS\System32\WS2_32.dll
0x00007ffdcbab0000 - 0x00007ffdcbacb000 	C:\WINDOWS\SYSTEM32\kernel.appcore.dll
0x00007ffdb9d80000 - 0x00007ffdb9d8a000 	C:\Program Files\Java\jdk-17.0.4.1\bin\jimage.dll
0x00007ffdca480000 - 0x00007ffdca6c1000 	C:\WINDOWS\SYSTEM32\DBGHELP.DLL
0x00007ffdcd9f0000 - 0x00007ffdcdd75000 	C:\WINDOWS\System32\combase.dll
0x00007ffdce6a0000 - 0x00007ffdce781000 	C:\WINDOWS\System32\OLEAUT32.dll
0x00007ffda3d30000 - 0x00007ffda3d69000 	C:\WINDOWS\SYSTEM32\dbgcore.DLL
0x00007ffdccdc0000 - 0x00007ffdcce59000 	C:\WINDOWS\System32\bcryptPrimitives.dll
0x00007ffdb8bd0000 - 0x00007ffdb8bf5000 	C:\Program Files\Java\jdk-17.0.4.1\bin\java.dll
0x00007ffd819b0000 - 0x00007ffd81a86000 	C:\Program Files\Java\jdk-17.0.4.1\bin\jsvml.dll
0x00007ffdce890000 - 0x00007ffdcefd2000 	C:\WINDOWS\System32\SHELL32.dll
0x00007ffdcd450000 - 0x00007ffdcd5c4000 	C:\WINDOWS\System32\wintypes.dll
0x00007ffdca970000 - 0x00007ffdcb1c8000 	C:\WINDOWS\SYSTEM32\windows.storage.dll
0x00007ffdce790000 - 0x00007ffdce881000 	C:\WINDOWS\System32\SHCORE.dll
0x00007ffdcd980000 - 0x00007ffdcd9ea000 	C:\WINDOWS\System32\shlwapi.dll
0x00007ffdccc40000 - 0x00007ffdccc6f000 	C:\WINDOWS\SYSTEM32\profapi.dll
0x00007ffdb8e00000 - 0x00007ffdb8e19000 	C:\Program Files\Java\jdk-17.0.4.1\bin\net.dll
0x00007ffdc0e80000 - 0x00007ffdc0f9e000 	C:\WINDOWS\SYSTEM32\WINHTTP.dll
0x00007ffdcc000000 - 0x00007ffdcc06a000 	C:\WINDOWS\system32\mswsock.dll
0x00007ffdb7440000 - 0x00007ffdb7456000 	C:\Program Files\Java\jdk-17.0.4.1\bin\nio.dll
0x00007ffdb19a0000 - 0x00007ffdb19b8000 	C:\Program Files\Java\jdk-17.0.4.1\bin\zip.dll
0x00007ffd8e920000 - 0x00007ffd8e944000 	C:\Users\Samitha\.m2\wrapper\dists\apache-maven-3.9.10\a38810a491b03367137adfdfbe7d14c4\lib\jansi-native\Windows\x86_64\jansi.dll
0x00007ffdb8af0000 - 0x00007ffdb8b00000 	C:\Program Files\Java\jdk-17.0.4.1\bin\verify.dll
0x00007ffdb8b70000 - 0x00007ffdb8b7e000 	C:\Program Files\Java\jdk-17.0.4.1\bin\sunmscapi.dll
0x00007ffdcd5d0000 - 0x00007ffdcd747000 	C:\WINDOWS\System32\CRYPT32.dll
0x00007ffdcc5a0000 - 0x00007ffdcc5d0000 	C:\WINDOWS\SYSTEM32\ncrypt.dll
0x00007ffdcc550000 - 0x00007ffdcc58f000 	C:\WINDOWS\SYSTEM32\NTASN1.dll
0x00007ffdcc3e0000 - 0x00007ffdcc3fb000 	C:\WINDOWS\SYSTEM32\CRYPTSP.dll
0x00007ffdcba10000 - 0x00007ffdcba4a000 	C:\WINDOWS\system32\rsaenh.dll
0x00007ffdcc0a0000 - 0x00007ffdcc0cb000 	C:\WINDOWS\SYSTEM32\USERENV.dll
0x00007ffdccc10000 - 0x00007ffdccc36000 	C:\WINDOWS\SYSTEM32\bcrypt.dll
0x00007ffdcc3c0000 - 0x00007ffdcc3cc000 	C:\WINDOWS\SYSTEM32\CRYPTBASE.dll
0x00007ffdcb4c0000 - 0x00007ffdcb4f3000 	C:\WINDOWS\SYSTEM32\IPHLPAPI.DLL
0x00007ffdce690000 - 0x00007ffdce69a000 	C:\WINDOWS\System32\NSI.dll
0x00007ffdc1520000 - 0x00007ffdc153f000 	C:\WINDOWS\SYSTEM32\dhcpcsvc6.DLL
0x00007ffdc0a40000 - 0x00007ffdc0a65000 	C:\WINDOWS\SYSTEM32\dhcpcsvc.DLL
0x00007ffdcb550000 - 0x00007ffdcb677000 	C:\WINDOWS\SYSTEM32\DNSAPI.dll
0x00007ffdbaaa0000 - 0x00007ffdbaaab000 	C:\Windows\System32\rasadhlp.dll
0x00007ffdbd3f0000 - 0x00007ffdbd476000 	C:\WINDOWS\System32\fwpuclnt.dll

dbghelp: loaded successfully - version: 4.0.5 - missing functions: none
symbol engine: initialized successfully - sym options: 0x614 - pdb path: .;C:\Program Files\Java\jdk-17.0.4.1\bin;C:\WINDOWS\SYSTEM32;C:\WINDOWS\WinSxS\amd64_microsoft.windows.common-controls_6595b64144ccf1df_6.0.26100.4202_none_3e0698d4e335f517;C:\Program Files\Java\jdk-17.0.4.1\bin\server;C:\Users\Samitha\.m2\wrapper\dists\apache-maven-3.9.10\a38810a491b03367137adfdfbe7d14c4\lib\jansi-native\Windows\x86_64

VM Arguments:
jvm_args: --enable-native-access=ALL-UNNAMED -Dclassworlds.conf=C:\Users\Samitha\.m2\wrapper\dists\apache-maven-3.9.10\a38810a491b03367137adfdfbe7d14c4\bin\m2.conf -Dmaven.home=C:\Users\Samitha\.m2\wrapper\dists\apache-maven-3.9.10\a38810a491b03367137adfdfbe7d14c4 -Dlibrary.jansi.path=C:\Users\Samitha\.m2\wrapper\dists\apache-maven-3.9.10\a38810a491b03367137adfdfbe7d14c4\lib\jansi-native -Dmaven.multiModuleProjectDirectory=e:\KAL CS\4th Year\Sem 2\Enterprise Application Development\ERP_Assignment\unicourse-app 
java_command: org.codehaus.plexus.classworlds.launcher.Launcher -q help:effective-pom -Doutput=e:\KAL CS\4th Year\Sem 2\Enterprise Application Development\ERP_Assignment\unicourse-app\effective-pom.xml
java_class_path (initial): C:\Users\Samitha\.m2\wrapper\dists\apache-maven-3.9.10\a38810a491b03367137adfdfbe7d14c4\boot\plexus-classworlds-2.9.0.jar
Launcher Type: SUN_STANDARD

[Global flags]
     intx CICompilerCount                          = 4                                         {product} {ergonomic}
     uint ConcGCThreads                            = 2                                         {product} {ergonomic}
     uint G1ConcRefinementThreads                  = 8                                         {product} {ergonomic}
   size_t G1HeapRegionSize                         = 2097152                                   {product} {ergonomic}
    uintx GCDrainStackTargetSize                   = 64                                        {product} {ergonomic}
   size_t InitialHeapSize                          = 266338304                                 {product} {ergonomic}
   size_t MarkStackSize                            = 4194304                                   {product} {ergonomic}
   size_t MaxHeapSize                              = 4257218560                                {product} {ergonomic}
   size_t MaxNewSize                               = 2554331136                                {product} {ergonomic}
   size_t MinHeapDeltaBytes                        = 2097152                                   {product} {ergonomic}
   size_t MinHeapSize                              = 8388608                                   {product} {ergonomic}
    uintx NonNMethodCodeHeapSize                   = 5839372                                {pd product} {ergonomic}
    uintx NonProfiledCodeHeapSize                  = 122909434                              {pd product} {ergonomic}
    uintx ProfiledCodeHeapSize                     = 122909434                              {pd product} {ergonomic}
    uintx ReservedCodeCacheSize                    = 251658240                              {pd product} {ergonomic}
     bool SegmentedCodeCache                       = true                                      {product} {ergonomic}
   size_t SoftMaxHeapSize                          = 4257218560                             {manageable} {ergonomic}
     bool UseCompressedClassPointers               = true                           {product lp64_product} {ergonomic}
     bool UseCompressedOops                        = true                           {product lp64_product} {ergonomic}
     bool UseG1GC                                  = true                                      {product} {ergonomic}
     bool UseLargePagesIndividualAllocation        = false                                  {pd product} {ergonomic}

Logging:
Log output configuration:
 #0: stdout all=warning uptime,level,tags
 #1: stderr all=off uptime,level,tags

Environment Variables:
JAVA_HOME=C:\Program Files\Java\jdk-17.0.4.1
PATH=C:\Program Files\Common Files\Oracle\Java\javapath;C:\Windows\system32;C:\Windows;C:\Windows\System32\Wbem;C:\Windows\System32\WindowsPowerShell\v1.0\;C:\Windows\System32\OpenSSH\;C:\Program Files (x86)\NVIDIA Corporation\PhysX\Common;C:\msys64\mingw64\bin;C:\WINDOWS\system32;C:\WINDOWS;C:\WINDOWS\System32\Wbem;C:\WINDOWS\System32\WindowsPowerShell\v1.0\;C:\WINDOWS\System32\OpenSSH\;C:\Program Files\Microsoft SQL Server\Client SDK\ODBC\170\Tools\Binn\;C:\Program Files\MySQL\MySQL Server 8.0\bin;C:\Program Files\Azure Data Studio\bin;C:\Program Files\Git\cmd;C:\msys64\ucrt64\bin;C:\Program Files\nodejs\;C:\Users\Samitha\AppData\Local\Microsoft\WindowsApps\python.exe;C:\Users\Samitha\AppData\Local\Programs\Python\Python310;C:\Program Files\Android\cmdline-tools\12.0\bin;C:\Users\Samitha\AppData\Local\Pub\Cache\bin;C:\Program Files\Git\bin;C:\Program Files\Microsoft SQL Server\150\Tools\Binn\;C:\Program Files\NVIDIA Corporation\NVIDIA app\NvDLISR;C:\Program Files\Docker\Docker\resources\bin;C:\Program Files\dotnet\;C:\Users\Samitha\AppData\Local\Microsoft\WindowsApps;C:\Users\Samitha\AppData\Local\Programs\Microsoft VS Code\bin;C:\Program Files\JetBrains\IntelliJ IDEA 2023.1.2\bin;;C:\Program Files\JetBrains\IntelliJ IDEA Community Edition 2022.2.3\bin;;C:\apache-cassandra-4.0.10\bin;C:\Users\Samitha\AppData\Local\Programs\oh-my-posh\bin;C:\Users\Samitha\.dotnet\tools;C:\Program Files\Azure Data Studio\bin;C:\Program Files\JetBrains\PyCharm 2023.2.3\bin;;C:\Users\Samitha\AppData\Roaming\npm;C:\Users\Samitha\AppData\Local\Programs\Python\Python310;C:\flutter\bin;C:\Users\Samitha\AppData\Local\Programs\cursor\resources\app\bin
USERNAME=Samitha
OS=Windows_NT
PROCESSOR_IDENTIFIER=Intel64 Family 6 Model 142 Stepping 12, GenuineIntel



---------------  S Y S T E M  ---------------

OS:
 Windows 11 , 64 bit Build 26100 (10.0.26100.4202)
OS uptime: 26 days 15:21 hours
Hyper-V role detected

CPU: total 8 (initial active 8) (4 cores per cpu, 2 threads per core) family 6 model 142 stepping 12 microcode 0xde, cx8, cmov, fxsr, ht, mmx, 3dnowpref, sse, sse2, sse3, ssse3, sse4.1, sse4.2, popcnt, lzcnt, tsc, tscinvbit, avx, avx2, aes, erms, clmul, bmi1, bmi2, adx, fma, vzeroupper, clflush, clflushopt, hv

Memory: 4k page, system-wide physical 16234M (2783M free)
TotalPageFile size 20330M (AvailPageFile size 70M)
current process WorkingSet (physical memory assigned to process): 166M, peak: 168M
current process commit charge ("private bytes"): 202M, peak: 386M

vm_info: Java HotSpot(TM) 64-Bit Server VM (17.0.4.1+1-LTS-2) for windows-amd64 JRE (17.0.4.1+1-LTS-2), built on Aug 16 2022 18:32:06 by "mach5one" with MS VC++ 16.8 / 16.9 (VS2019)

END.
