#
# There is insufficient memory for the Java Runtime Environment to continue.
# Native memory allocation (mmap) failed to map 266338304 bytes for G1 virtual space
# Possible reasons:
#   The system is out of physical RAM or swap space
#   The process is running with CompressedOops enabled, and the Java Heap may be blocking the growth of the native heap
# Possible solutions:
#   Reduce memory load on the system
#   Increase physical memory or swap space
#   Check if swap backing store is full
#   Decrease Java heap size (-Xmx/-Xms)
#   Decrease number of Java threads
#   Decrease Java thread stack sizes (-Xss)
#   Set larger code cache with -XX:ReservedCodeCacheSize=
#   JVM is running with Zero Based Compressed Oops mode in which the Java heap is
#     placed in the first 32GB address space. The Java Heap base address is the
#     maximum limit for the native heap growth. Please use -XX:HeapBaseMinAddress
#     to set the Java Heap base and to place the Java Heap above 32GB virtual address.
# This output file may be truncated or incomplete.
#
#  Out of Memory Error (os_windows.cpp:3535), pid=8360, tid=26424
#
# JRE version:  (17.0.4.1+1) (build )
# Java VM: Java HotSpot(TM) 64-Bit Server VM (17.0.4.1+1-LTS-2, mixed mode, sharing, tiered, compressed oops, compressed class ptrs, g1 gc, windows-amd64)
# No core dump will be written. Minidumps are not enabled by default on client versions of Windows
#

---------------  S U M M A R Y ------------

Command Line: -Dclassworlds.conf=C:\Users\Samitha\.m2\wrapper\dists\apache-maven-3.9.10\a38810a491b03367137adfdfbe7d14c4\bin\m2.conf -Dmaven.home=C:\Users\Samitha\.m2\wrapper\dists\apache-maven-3.9.10\a38810a491b03367137adfdfbe7d14c4 -Dlibrary.jansi.path=C:\Users\Samitha\.m2\wrapper\dists\apache-maven-3.9.10\a38810a491b03367137adfdfbe7d14c4\lib\jansi-native -Dmaven.multiModuleProjectDirectory=e:\KAL CS\4th Year\Sem 2\Enterprise Application Development\ERP_Assignment\unicourse-app org.codehaus.plexus.classworlds.launcher.Launcher --version

Host: Intel(R) Core(TM) i5-10210U CPU @ 1.60GHz, 8 cores, 15G,  Windows 11 , 64 bit Build 26100 (10.0.26100.4202)
Time: Sun Jul 13 08:58:28 2025 Sri Lanka Standard Time elapsed time: 1.035635 seconds (0d 0h 0m 1s)

---------------  T H R E A D  ---------------

Current thread (0x0000022807224510):  JavaThread "Unknown thread" [_thread_in_vm, id=26424, stack(0x0000006e7e000000,0x0000006e7e100000)]

Stack: [0x0000006e7e000000,0x0000006e7e100000]
Native frames: (J=compiled Java code, j=interpreted, Vv=VM code, C=native code)
V  [jvm.dll+0x6723ba]
V  [jvm.dll+0x7d1e34]
V  [jvm.dll+0x7d35de]
V  [jvm.dll+0x7d3c43]
V  [jvm.dll+0x243065]
V  [jvm.dll+0x66f2d9]
V  [jvm.dll+0x663c22]
V  [jvm.dll+0x3011cb]
V  [jvm.dll+0x308766]
V  [jvm.dll+0x35846e]
V  [jvm.dll+0x35869f]
V  [jvm.dll+0x2d83e8]
V  [jvm.dll+0x2d9354]
V  [jvm.dll+0x7a3911]
V  [jvm.dll+0x3662c1]
V  [jvm.dll+0x782d7c]
V  [jvm.dll+0x3e8c1f]
V  [jvm.dll+0x3ea6c1]
C  [jli.dll+0x527b]
C  [ucrtbase.dll+0x37b0]
C  [KERNEL32.DLL+0x2e8d7]
C  [ntdll.dll+0x3c34c]


---------------  P R O C E S S  ---------------

Threads class SMR info:
_java_thread_list=0x00007ffd20e6a858, length=0, elements={
}

Java Threads: ( => current thread )

Other Threads:
  0x00000228072938f0 GCTaskThread "GC Thread#0" [stack: 0x0000006e7e100000,0x0000006e7e200000] [id=4588]
  0x00000228072a52c0 ConcurrentGCThread "G1 Main Marker" [stack: 0x0000006e7e200000,0x0000006e7e300000] [id=3824]
  0x00000228072a6b80 ConcurrentGCThread "G1 Conc#0" [stack: 0x0000006e7e300000,0x0000006e7e400000] [id=25216]

[error occurred during error reporting (printing all threads), id 0xc0000005, EXCEPTION_ACCESS_VIOLATION (0xc0000005) at pc=0x00007ffd206b8dd7]

VM state: not at safepoint (not fully initialized)

VM Mutex/Monitor currently owned by a thread:  ([mutex/lock_event])
[0x0000022807213a70] Heap_lock - owner thread: 0x0000022807224510

Heap address: 0x0000000702400000, size: 4060 MB, Compressed Oops mode: Zero based, Oop shift amount: 3

CDS archive(s) mapped at: [0x0000000000000000-0x0000000000000000-0x0000000000000000), size 0, SharedBaseAddress: 0x0000000800000000, ArchiveRelocationMode: 0.
Narrow klass base: 0x0000000000000000, Narrow klass shift: 0, Narrow klass range: 0x0

GC Precious Log:
<Empty>

Heap:
 garbage-first heap   total 0K, used 0K [0x0000000702400000, 0x0000000800000000)
  region size 2048K, 0 young (0K), 0 survivors (0K)

[error occurred during error reporting (printing heap information), id 0xc0000005, EXCEPTION_ACCESS_VIOLATION (0xc0000005) at pc=0x00007ffd20a9b869]

GC Heap History (0 events):
No events

Deoptimization events (0 events):
No events

Classes unloaded (0 events):
No events

Classes redefined (0 events):
No events

Internal exceptions (0 events):
No events

VM Operations (0 events):
No events

Events (1 events):
Event: 0.009 Loaded shared library C:\Program Files\Java\jdk-17.0.4.1\bin\java.dll


Dynamic libraries:
0x00007ff7ed460000 - 0x00007ff7ed470000 	C:\Program Files\Java\jdk-17.0.4.1\bin\java.exe
0x00007ffdcfbe0000 - 0x00007ffdcfe45000 	C:\WINDOWS\SYSTEM32\ntdll.dll
0x00007ffdcdfe0000 - 0x00007ffdce0a9000 	C:\WINDOWS\System32\KERNEL32.DLL
0x00007ffdcce60000 - 0x00007ffdcd248000 	C:\WINDOWS\System32\KERNELBASE.dll
0x00007ffdcd800000 - 0x00007ffdcd94b000 	C:\WINDOWS\System32\ucrtbase.dll
0x00007ffda4930000 - 0x00007ffda4948000 	C:\Program Files\Java\jdk-17.0.4.1\bin\jli.dll
0x00007ffdb9d90000 - 0x00007ffdb9daa000 	C:\Program Files\Java\jdk-17.0.4.1\bin\VCRUNTIME140.dll
0x00007ffdcfae0000 - 0x00007ffdcfb93000 	C:\WINDOWS\System32\ADVAPI32.dll
0x00007ffdce3f0000 - 0x00007ffdce499000 	C:\WINDOWS\System32\msvcrt.dll
0x00007ffdcfa30000 - 0x00007ffdcfad6000 	C:\WINDOWS\System32\sechost.dll
0x00007ffdce0c0000 - 0x00007ffdce1d5000 	C:\WINDOWS\System32\RPCRT4.dll
0x00007ffdcde00000 - 0x00007ffdcdfca000 	C:\WINDOWS\System32\USER32.dll
0x00007ffdae9e0000 - 0x00007ffdaec7a000 	C:\WINDOWS\WinSxS\amd64_microsoft.windows.common-controls_6595b64144ccf1df_6.0.26100.4202_none_3e0698d4e335f517\COMCTL32.dll
0x00007ffdcd950000 - 0x00007ffdcd977000 	C:\WINDOWS\System32\win32u.dll
0x00007ffdce260000 - 0x00007ffdce28b000 	C:\WINDOWS\System32\GDI32.dll
0x00007ffdcd250000 - 0x00007ffdcd387000 	C:\WINDOWS\System32\gdi32full.dll
0x00007ffdcd750000 - 0x00007ffdcd7f3000 	C:\WINDOWS\System32\msvcp_win.dll
0x00007ffdc0a70000 - 0x00007ffdc0a7b000 	C:\WINDOWS\SYSTEM32\VERSION.dll
0x00007ffdce4a0000 - 0x00007ffdce4d0000 	C:\WINDOWS\System32\IMM32.DLL
0x00007ffdc4670000 - 0x00007ffdc467c000 	C:\Program Files\Java\jdk-17.0.4.1\bin\vcruntime140_1.dll
0x00007ffd75f20000 - 0x00007ffd75fad000 	C:\Program Files\Java\jdk-17.0.4.1\bin\msvcp140.dll
0x00007ffd203d0000 - 0x00007ffd20f92000 	C:\Program Files\Java\jdk-17.0.4.1\bin\server\jvm.dll
0x00007ffdcdfd0000 - 0x00007ffdcdfd8000 	C:\WINDOWS\System32\PSAPI.DLL
0x00007ffdaee00000 - 0x00007ffdaee0a000 	C:\WINDOWS\SYSTEM32\WSOCK32.dll
0x00007ffdb7630000 - 0x00007ffdb7665000 	C:\WINDOWS\SYSTEM32\WINMM.dll
0x00007ffdce1e0000 - 0x00007ffdce254000 	C:\WINDOWS\System32\WS2_32.dll
0x00007ffdcbab0000 - 0x00007ffdcbacb000 	C:\WINDOWS\SYSTEM32\kernel.appcore.dll
0x00007ffdb9d80000 - 0x00007ffdb9d8a000 	C:\Program Files\Java\jdk-17.0.4.1\bin\jimage.dll
0x00007ffdca480000 - 0x00007ffdca6c1000 	C:\WINDOWS\SYSTEM32\DBGHELP.DLL
0x00007ffdcd9f0000 - 0x00007ffdcdd75000 	C:\WINDOWS\System32\combase.dll
0x00007ffdce6a0000 - 0x00007ffdce781000 	C:\WINDOWS\System32\OLEAUT32.dll
0x00007ffda3d30000 - 0x00007ffda3d69000 	C:\WINDOWS\SYSTEM32\dbgcore.DLL
0x00007ffdccdc0000 - 0x00007ffdcce59000 	C:\WINDOWS\System32\bcryptPrimitives.dll
0x00007ffdb8bd0000 - 0x00007ffdb8bf5000 	C:\Program Files\Java\jdk-17.0.4.1\bin\java.dll

dbghelp: loaded successfully - version: 4.0.5 - missing functions: none
symbol engine: initialized successfully - sym options: 0x614 - pdb path: .;C:\Program Files\Java\jdk-17.0.4.1\bin;C:\WINDOWS\SYSTEM32;C:\WINDOWS\WinSxS\amd64_microsoft.windows.common-controls_6595b64144ccf1df_6.0.26100.4202_none_3e0698d4e335f517;C:\Program Files\Java\jdk-17.0.4.1\bin\server

VM Arguments:
jvm_args: -Dclassworlds.conf=C:\Users\Samitha\.m2\wrapper\dists\apache-maven-3.9.10\a38810a491b03367137adfdfbe7d14c4\bin\m2.conf -Dmaven.home=C:\Users\Samitha\.m2\wrapper\dists\apache-maven-3.9.10\a38810a491b03367137adfdfbe7d14c4 -Dlibrary.jansi.path=C:\Users\Samitha\.m2\wrapper\dists\apache-maven-3.9.10\a38810a491b03367137adfdfbe7d14c4\lib\jansi-native -Dmaven.multiModuleProjectDirectory=e:\KAL CS\4th Year\Sem 2\Enterprise Application Development\ERP_Assignment\unicourse-app 
java_command: org.codehaus.plexus.classworlds.launcher.Launcher --version
java_class_path (initial): C:\Users\Samitha\.m2\wrapper\dists\apache-maven-3.9.10\a38810a491b03367137adfdfbe7d14c4\boot\plexus-classworlds-2.9.0.jar
Launcher Type: SUN_STANDARD

[Global flags]
     intx CICompilerCount                          = 4                                         {product} {ergonomic}
     uint ConcGCThreads                            = 2                                         {product} {ergonomic}
     uint G1ConcRefinementThreads                  = 8                                         {product} {ergonomic}
   size_t G1HeapRegionSize                         = 2097152                                   {product} {ergonomic}
    uintx GCDrainStackTargetSize                   = 64                                        {product} {ergonomic}
   size_t InitialHeapSize                          = 266338304                                 {product} {ergonomic}
   size_t MarkStackSize                            = 4194304                                   {product} {ergonomic}
   size_t MaxHeapSize                              = 4257218560                                {product} {ergonomic}
   size_t MinHeapDeltaBytes                        = 2097152                                   {product} {ergonomic}
   size_t MinHeapSize                              = 8388608                                   {product} {ergonomic}
    uintx NonNMethodCodeHeapSize                   = 5839372                                {pd product} {ergonomic}
    uintx NonProfiledCodeHeapSize                  = 122909434                              {pd product} {ergonomic}
    uintx ProfiledCodeHeapSize                     = 122909434                              {pd product} {ergonomic}
    uintx ReservedCodeCacheSize                    = 251658240                              {pd product} {ergonomic}
     bool SegmentedCodeCache                       = true                                      {product} {ergonomic}
   size_t SoftMaxHeapSize                          = 4257218560                             {manageable} {ergonomic}
     bool UseCompressedClassPointers               = true                           {product lp64_product} {ergonomic}
     bool UseCompressedOops                        = true                           {product lp64_product} {ergonomic}
     bool UseG1GC                                  = true                                      {product} {ergonomic}
     bool UseLargePagesIndividualAllocation        = false                                  {pd product} {ergonomic}

Logging:
Log output configuration:
 #0: stdout all=warning uptime,level,tags
 #1: stderr all=off uptime,level,tags

Environment Variables:
JAVA_HOME=C:\Program Files\Java\jdk-17.0.4.1
PATH=C:\Program Files\Common Files\Oracle\Java\javapath;C:\Windows\system32;C:\Windows;C:\Windows\System32\Wbem;C:\Windows\System32\WindowsPowerShell\v1.0\;C:\Windows\System32\OpenSSH\;C:\Program Files (x86)\NVIDIA Corporation\PhysX\Common;C:\msys64\mingw64\bin;C:\WINDOWS\system32;C:\WINDOWS;C:\WINDOWS\System32\Wbem;C:\WINDOWS\System32\WindowsPowerShell\v1.0\;C:\WINDOWS\System32\OpenSSH\;C:\Program Files\Microsoft SQL Server\Client SDK\ODBC\170\Tools\Binn\;C:\Program Files\MySQL\MySQL Server 8.0\bin;C:\Program Files\Azure Data Studio\bin;C:\Program Files\Git\cmd;C:\msys64\ucrt64\bin;C:\Program Files\nodejs\;C:\Users\Samitha\AppData\Local\Microsoft\WindowsApps\python.exe;C:\Users\Samitha\AppData\Local\Programs\Python\Python310;C:\Program Files\Android\cmdline-tools\12.0\bin;C:\Users\Samitha\AppData\Local\Pub\Cache\bin;C:\Program Files\Git\bin;C:\Program Files\Microsoft SQL Server\150\Tools\Binn\;C:\Program Files\NVIDIA Corporation\NVIDIA app\NvDLISR;C:\Program Files\Docker\Docker\resources\bin;C:\Program Files\dotnet\;C:\Users\Samitha\AppData\Local\Microsoft\WindowsApps;C:\Users\Samitha\AppData\Local\Programs\Microsoft VS Code\bin;C:\Program Files\JetBrains\IntelliJ IDEA 2023.1.2\bin;;C:\Program Files\JetBrains\IntelliJ IDEA Community Edition 2022.2.3\bin;;C:\apache-cassandra-4.0.10\bin;C:\Users\Samitha\AppData\Local\Programs\oh-my-posh\bin;C:\Users\Samitha\.dotnet\tools;C:\Program Files\Azure Data Studio\bin;C:\Program Files\JetBrains\PyCharm 2023.2.3\bin;;C:\Users\Samitha\AppData\Roaming\npm;C:\Users\Samitha\AppData\Local\Programs\Python\Python310;C:\flutter\bin;C:\Users\Samitha\AppData\Local\Programs\cursor\resources\app\bin
USERNAME=Samitha
OS=Windows_NT
PROCESSOR_IDENTIFIER=Intel64 Family 6 Model 142 Stepping 12, GenuineIntel



---------------  S Y S T E M  ---------------

OS:
 Windows 11 , 64 bit Build 26100 (10.0.26100.4202)
OS uptime: 26 days 15:21 hours
Hyper-V role detected

CPU: total 8 (initial active 8) (4 cores per cpu, 2 threads per core) family 6 model 142 stepping 12 microcode 0xde, cx8, cmov, fxsr, ht, mmx, 3dnowpref, sse, sse2, sse3, ssse3, sse4.1, sse4.2, popcnt, lzcnt, tsc, tscinvbit, avx, avx2, aes, erms, clmul, bmi1, bmi2, adx, fma, vzeroupper, clflush, clflushopt, hv

Memory: 4k page, system-wide physical 16234M (2943M free)
TotalPageFile size 20330M (AvailPageFile size 220M)
current process WorkingSet (physical memory assigned to process): 12M, peak: 12M
current process commit charge ("private bytes"): 60M, peak: 314M

vm_info: Java HotSpot(TM) 64-Bit Server VM (17.0.4.1+1-LTS-2) for windows-amd64 JRE (17.0.4.1+1-LTS-2), built on Aug 16 2022 18:32:06 by "mach5one" with MS VC++ 16.8 / 16.9 (VS2019)

END.
